Microchip MPLAB XC8 Compiler V2.40

Linker command line:

-W-3 \
  --edf=C:\Program Files\Microchip\xc8\v2.40\pic\dat\20220703182018_en.msgs \
  -cn -h+dist/default/production\7_TEST_PIC_8X8_DOT_MATRIX.X.production.sym \
  --cmf=dist/default/production\7_TEST_PIC_8X8_DOT_MATRIX.X.production.cmf \
  -z -Q16F877A -oC:\Users\bhura\AppData\Local\Temp\xcAs8pc.4 \
  --defsym=__MPLAB_BUILD=1 --fixupoverflow=error \
  -Mdist/default/production/7_TEST_PIC_8X8_DOT_MATRIX.X.production.map \
  --md=C:\Users\bhura\AppData\Local\Temp\xcAs8pc.dat -E1 -ver=XC8 Compiler \
  --acfsm=1493 -ACODE=00h-07FFhx4 -ASTRCODE=00h-01FFFh -ASTRING=00h-0FFhx32 \
  -ACONST=00h-0FFhx32 -AENTRY=00h-0FFhx32 -ACOMMON=070h-07Fh \
  -ABANK0=020h-06Fh -ABANK1=0A0h-0EFh -ABANK2=0110h-016Fh \
  -ABANK3=0190h-01EFh -ARAM=020h-06Fh,0A0h-0EFh,0110h-016Fh,0190h-01EFh \
  -AABS1=020h-07Fh,0A0h-0EFh,0110h-016Fh,0190h-01EFh -ASFR0=00h-01Fh \
  -ASFR1=080h-09Fh -ASFR2=0100h-010Fh -ASFR3=0180h-018Fh \
  -ACONFIG=02007h-02007h -DCONFIG=2 -AIDLOC=02000h-02003h -DIDLOC=2 \
  -AEEDATA=00h-0FFh/02100h -peeprom_data=EEDATA -DEEDATA=2 -DCODE=2 \
  -DSTRCODE=2 -DSTRING=2 -DCONST=2 -DENTRY=2 \
  -preset_vec=00h,intentry,init,end_init -ppowerup=CODE -pcinit=CODE \
  -pfunctab=ENTRY -k C:\Users\bhura\AppData\Local\Temp\xcAs8pc.o \
  dist/default/production\7_TEST_PIC_8X8_DOT_MATRIX.X.production.o 

Object code version is 3.11

Machine type is 16F877A



                Name                               Link     Load   Length Selector   Space Scale
C:\Users\bhura\AppData\Local\Temp\xcAs8pc.o
                end_init                              0        0        3        0       0
                config                             2007     2007        1        0       4
                idloc                              2000     2000        4        0       5
dist/default/production\7_TEST_PIC_8X8_DOT_MATRIX.X.production.o
                cinit                               7E0      7E0       20      FC0       0
                config                             2007     2007        1        0       4
                idloc                              2000     2000        4        0       5
                maintext                            53F      53F      2A1      A7E       0
                cstackBANK0                          20       20       50       20       1
                cstackCOMMON                         70       70        E       70       1
                cstackBANK1                          A0       A0       24       A0       1
                inittext                            4CC      4CC       13      998       0
                dataBANK3                           190      190       40      190       1
                dataBANK1                            C4       C4       20       A0       1
                idataBANK3                          4FF      4FF       40      9FE       0
                idataBANK1                          4DF      4DF       20      9BE       0

TOTAL           Name                               Link     Load   Length     Space
        CLASS   CODE           
                end_init                              0        0        3         0
                cinit                               7E0      7E0       20         0
                maintext                            53F      53F      2A1         0
                inittext                            4CC      4CC       13         0
                idataBANK3                          4FF      4FF       40         0
                idataBANK1                          4DF      4DF       20         0

        CLASS   STRCODE        

        CLASS   STRING         

        CLASS   CONST          

        CLASS   ENTRY          

        CLASS   COMMON         
                cstackCOMMON                         70       70        E         1

        CLASS   BANK0          
                cstackBANK0                          20       20       50         1

        CLASS   BANK1          
                cstackBANK1                          A0       A0       24         1
                dataBANK1                            C4       C4       20         1

        CLASS   BANK2          

        CLASS   BANK3          
                dataBANK3                           190      190       40         1

        CLASS   RAM            

        CLASS   ABS1           
                abs_s1                               7E       7E        2         1

        CLASS   SFR0           

        CLASS   SFR1           

        CLASS   SFR2           

        CLASS   SFR3           

        CLASS   CONFIG         
                config                             2007     2007        1         4

        CLASS   IDLOC          
                idloc                              2000     2000        4         5

        CLASS   EEDATA         

        CLASS   STACK          



SEGMENTS        Name                           Load    Length   Top    Selector   Space  Class     Delta

                reset_vec                      000000  000003  000003         0       0  CODE        2
                cstackBANK0                    000020  000050  000070        20       1  BANK0       1
                cstackCOMMON                   000070  00000E  00007E        70       1  COMMON      1
                cstackBANK1                    0000A0  000044  0000E4        A0       1  BANK1       1
                dataBANK3                      000190  000040  0001D0       190       1  BANK3       1
                inittext                       0004CC  000013  0004DF       998       0  CODE        2
                idataBANK1                     0004DF  000020  0004FF       9BE       0  CODE        2
                idataBANK3                     0004FF  000040  00053F       9FE       0  CODE        2
                maintext                       00053F  0002A1  0007E0       A7E       0  CODE        2
                cinit                          0007E0  000020  000800       FC0       0  CODE        2


UNUSED ADDRESS RANGES

        Name                Unused          Largest block    Delta
        BANK1            00E4-00EF              C           1
        BANK2            0110-016F             60           1
        BANK3            01D0-01EF             20           1
        CODE             0003-04CB            4C9           2
                         0800-1FFF            800
        CONST            0003-04CB            100           2
                         0800-1FFF            100
        EEDATA           2100-21FF            100           2
        ENTRY            0003-04CB            100           2
                         0800-1FFF            100
        RAM              00E4-00EF              C           1
                         0110-016F             60
                         01D0-01EF             20
        SFR0             0000-001F             20           1
        SFR1             0080-009F             20           1
        SFR2             0100-010F             10           1
        SFR3             0180-018F             10           1
        STRCODE          0003-04CB            4C9           2
                         0800-1FFF           1800
        STRING           0003-04CB            100           2
                         0800-1FFF            100

                                  Symbol Table

_PORTC                   (abs)        0007
_PORTD                   (abs)        0008
_TRISC                   (abs)        0087
_TRISD                   (abs)        0088
__Habs1                  abs1         0000
__Hbank0                 bank0        0000
__Hbank1                 bank1        0000
__Hbank2                 bank2        0000
__Hbank3                 bank3        0000
__Hcinit                 cinit        0800
__Hclrtext               clrtext      0000
__Hcode                  code         0000
__Hcommon                common       0000
__Hconfig                config       2008
__HcstackBANK0           cstackBANK0  0000
__HcstackBANK1           cstackBANK1  0000
__HcstackCOMMON          cstackCOMMON 0000
__HdataBANK1             dataBANK1    0000
__HdataBANK3             dataBANK3    0000
__Heeprom_data           eeprom_data  0000
__Hend_init              end_init     0003
__Hfunctab               functab      0000
__HidataBANK1            idataBANK1   0000
__HidataBANK3            idataBANK3   0000
__Hidloc                 idloc        2004
__Hinit                  init         0000
__Hinittext              inittext     0000
__Hintentry              intentry     0000
__Hmaintext              maintext     0000
__Hpowerup               powerup      0000
__Hram                   ram          0000
__Hreset_vec             reset_vec    0000
__Hsfr0                  sfr0         0000
__Hsfr1                  sfr1         0000
__Hsfr2                  sfr2         0000
__Hsfr3                  sfr3         0000
__Hspace_0               (abs)        0800
__Hspace_1               (abs)        01D0
__Hspace_2               (abs)        0000
__Hspace_3               (abs)        0000
__Hspace_4               (abs)        400F
__Hstack                 stack        0000
__Hstrings               strings      0000
__Htext                  text         0000
__Labs1                  abs1         0000
__Lbank0                 bank0        0000
__Lbank1                 bank1        0000
__Lbank2                 bank2        0000
__Lbank3                 bank3        0000
__Lcinit                 cinit        07E0
__Lclrtext               clrtext      0000
__Lcode                  code         0000
__Lcommon                common       0000
__Lconfig                config       0000
__LcstackBANK0           cstackBANK0  0000
__LcstackBANK1           cstackBANK1  0000
__LcstackCOMMON          cstackCOMMON 0000
__LdataBANK1             dataBANK1    0000
__LdataBANK3             dataBANK3    0000
__Leeprom_data           eeprom_data  0000
__Lend_init              end_init     0000
__Lfunctab               functab      0000
__LidataBANK1            idataBANK1   0000
__LidataBANK3            idataBANK3   0000
__Lidloc                 idloc        0000
__Linit                  init         0000
__Linittext              inittext     0000
__Lintentry              intentry     0000
__Lmaintext              maintext     0000
__Lpowerup               powerup      0000
__Lram                   ram          0000
__Lreset_vec             reset_vec    0000
__Lsfr0                  sfr0         0000
__Lsfr1                  sfr1         0000
__Lsfr2                  sfr2         0000
__Lsfr3                  sfr3         0000
__Lspace_0               (abs)        0000
__Lspace_1               (abs)        0000
__Lspace_2               (abs)        0000
__Lspace_3               (abs)        0000
__Lspace_4               (abs)        0000
__Lstack                 stack        0000
__Lstrings               strings      0000
__Ltext                  text         0000
__S0                     (abs)        0800
__S1                     (abs)        01D0
__S3                     (abs)        0000
___int_sp                stack        0000
___latbits               (abs)        0002
___sp                    stack        0000
___stackhi               (abs)        0000
___stacklo               (abs)        0000
__end_of__initialization cinit        07FC
__end_of_main            maintext     07E0
__initialization         cinit        07E0
__pcstackBANK0           cstackBANK0  0020
__pcstackBANK1           cstackBANK1  00A0
__pcstackCOMMON          cstackCOMMON 0070
__pdataBANK1             dataBANK1    00C4
__pdataBANK3             dataBANK3    0190
__pidataBANK1            idataBANK1   04DF
__pidataBANK3            idataBANK3   04FF
__pmaintext              maintext     053F
_main                    maintext     053F
btemp                    (abs)        007E
end_of_initialization    cinit        07FC
init_fetch0              inittext     04CC
init_ram0                inittext     04D0
intlevel0                functab      0000
intlevel1                functab      0000
intlevel2                functab      0000
intlevel3                functab      0000
intlevel4                functab      0000
intlevel5                functab      0000
main@F1060               dataBANK1    00D4
main@F1062               dataBANK1    00C4
main@F1064               dataBANK3    01C0
main@F1066               dataBANK3    01B0
main@F1068               dataBANK3    01A0
main@F1070               dataBANK3    0190
main@Mrr                 cstackBANK0  0020
main@Nrr                 cstackBANK0  0040
main@Orr                 cstackBANK0  0030
main@Trr                 cstackBANK0  0050
main@Yrr                 cstackBANK0  0060
main@arr                 cstackBANK1  00A0
main@i                   cstackBANK1  00BA
main@i_54                cstackBANK1  00BC
main@i_57                cstackBANK1  00BE
main@i_60                cstackBANK1  00C0
main@i_63                cstackBANK1  00C2
main@j                   cstackCOMMON 0074
main@j_53                cstackCOMMON 0076
main@j_56                cstackCOMMON 0078
main@j_59                cstackCOMMON 007A
main@j_62                cstackCOMMON 007C
main@k                   cstackBANK1  00B0
main@k_52                cstackBANK1  00B2
main@k_55                cstackBANK1  00B4
main@k_58                cstackBANK1  00B6
main@k_61                cstackBANK1  00B8
reset_vec                reset_vec    0000
start                    init         0000
start_initialization     cinit        07E0
wtemp0                   (abs)        007E


MODULE INFORMATION

Module		Function		Class		Link	Load	Size
Main_8x8.c
		_main          		CODE           	053F	0000	673

Main_8x8.c estimated size: 673

shared
		__initialization		CODE           	07E0	0000	28

shared estimated size: 28

