Microchip MPLAB XC8 Compiler V2.40

Linker command line:

-W-3 \
  --edf=C:\Program Files\Microchip\xc8\v2.40\pic\dat\20220703182018_en.msgs \
  -cn -h+dist/default/production\10_TEST_PIC_UART_RX_1.X.production.sym \
  --cmf=dist/default/production\10_TEST_PIC_UART_RX_1.X.production.cmf -z \
  -Q16F877A -oC:\Users\bhura\AppData\Local\Temp\xcAs49s.4 \
  --defsym=__MPLAB_BUILD=1 --fixupoverflow=error \
  -Mdist/default/production/10_TEST_PIC_UART_RX_1.X.production.map \
  --md=C:\Users\bhura\AppData\Local\Temp\xcAs49s.dat -E1 -ver=XC8 Compiler \
  --acfsm=1493 -ACODE=00h-07FFhx4 -ASTRCODE=00h-01FFFh -ASTRING=00h-0FFhx32 \
  -ACONST=00h-0FFhx32 -AENTRY=00h-0FFhx32 -ACOMMON=070h-07Fh \
  -ABANK0=020h-06Fh -ABANK1=0A0h-0EFh -ABANK2=0110h-016Fh \
  -ABANK3=0190h-01EFh -ARAM=020h-06Fh,0A0h-0EFh,0110h-016Fh,0190h-01EFh \
  -AABS1=020h-07Fh,0A0h-0EFh,0110h-016Fh,0190h-01EFh -ASFR0=00h-01Fh \
  -ASFR1=080h-09Fh -ASFR2=0100h-010Fh -ASFR3=0180h-018Fh \
  -ACONFIG=02007h-02007h -DCONFIG=2 -AIDLOC=02000h-02003h -DIDLOC=2 \
  -AEEDATA=00h-0FFh/02100h -peeprom_data=EEDATA -DEEDATA=2 -DCODE=2 \
  -DSTRCODE=2 -DSTRING=2 -DCONST=2 -DENTRY=2 \
  -preset_vec=00h,intentry,init,end_init -ppowerup=CODE -pcinit=CODE \
  -pfunctab=ENTRY -k C:\Users\bhura\AppData\Local\Temp\xcAs49s.o \
  dist/default/production\10_TEST_PIC_UART_RX_1.X.production.o 

Object code version is 3.11

Machine type is 16F877A



                Name                               Link     Load   Length Selector   Space Scale
C:\Users\bhura\AppData\Local\Temp\xcAs49s.o
                end_init                              0        0        3        0       0
                config                             2007     2007        1        0       4
                idloc                              2000     2000        4        0       5
dist/default/production\10_TEST_PIC_UART_RX_1.X.production.o
                cinit                               7FC      7FC        4      FF8       0
                config                             2007     2007        1        0       4
                idloc                              2000     2000        4        0       5
                text5                               75F      75F       9D      EBE       0
                text4                               708      708       57      E10       0
                text3                               69F      69F        E      D3E       0
                text2                               695      695        A      D2A       0
                text1                               6AD      6AD       1F      D5A       0
                maintext                            6CC      6CC       3C      D98       0
                cstackBANK0                          20       20       16       20       1
                cstackCOMMON                         70       70        E       70       1
                strings                               3        3       16        6       0

TOTAL           Name                               Link     Load   Length     Space
        CLASS   CODE           
                end_init                              0        0        3         0
                cinit                               7FC      7FC        4         0
                text5                               75F      75F       9D         0
                text4                               708      708       57         0
                text3                               69F      69F        E         0
                text2                               695      695        A         0
                text1                               6AD      6AD       1F         0
                maintext                            6CC      6CC       3C         0

        CLASS   STRCODE        

        CLASS   STRING         
                strings                               3        3       16         0

        CLASS   CONST          

        CLASS   ENTRY          

        CLASS   COMMON         
                cstackCOMMON                         70       70        E         1

        CLASS   BANK0          
                cstackBANK0                          20       20       16         1

        CLASS   BANK1          

        CLASS   BANK2          

        CLASS   BANK3          

        CLASS   RAM            

        CLASS   ABS1           
                abs_s1                               7E       7E        2         1

        CLASS   SFR0           

        CLASS   SFR1           

        CLASS   SFR2           

        CLASS   SFR3           

        CLASS   CONFIG         
                config                             2007     2007        1         4

        CLASS   IDLOC          
                idloc                              2000     2000        4         5

        CLASS   EEDATA         

        CLASS   STACK          



SEGMENTS        Name                           Load    Length   Top    Selector   Space  Class     Delta

                reset_vec                      000000  000003  000003         0       0  CODE        2
                strings                        000003  000016  000019         6       0  STRING      2
                cstackBANK0                    000020  000016  000036        20       1  BANK0       1
                cstackCOMMON                   000070  00000E  00007E        70       1  COMMON      1
                text2                          000695  00000A  00069F       D2A       0  CODE        2
                text3                          00069F  00000E  0006AD       D3E       0  CODE        2
                text1                          0006AD  00001F  0006CC       D5A       0  CODE        2
                maintext                       0006CC  00003C  000708       D98       0  CODE        2
                text4                          000708  000057  00075F       E10       0  CODE        2
                text5                          00075F  00009D  0007FC       EBE       0  CODE        2
                cinit                          0007FC  000004  000800       FF8       0  CODE        2


UNUSED ADDRESS RANGES

        Name                Unused          Largest block    Delta
        BANK0            0036-006F             3A           1
        BANK1            00A0-00EF             50           1
        BANK2            0110-016F             60           1
        BANK3            0190-01EF             60           1
        CODE             0019-0694            67C           2
                         0800-1FFF            800
        CONST            0019-0694            100           2
                         0800-1FFF            100
        EEDATA           2100-21FF            100           2
        ENTRY            0019-0694            100           2
                         0800-1FFF            100
        RAM              0036-006F             3A           1
                         00A0-00EF             50
                         0110-016F             60
                         0190-01EF             60
        SFR0             0000-001F             20           1
        SFR1             0080-009F             20           1
        SFR2             0100-010F             10           1
        SFR3             0180-018F             10           1
        STRCODE          0019-0694            67C           2
                         0800-1FFF           1800
        STRING           0019-0694            100           2
                         0800-1FFF            100

                                  Symbol Table

?___aldiv                  cstackCOMMON 0070
UART_Initialize@Baud       cstackBANK0  0026
UART_Initialize@baud_value cstackCOMMON 0079
UART_WriteData@data        cstackCOMMON 0070
UART_WriteString@ptr       cstackCOMMON 0072
_CREN                      (abs)        00C4
_OERR                      (abs)        00C1
_PORTD                     (abs)        0008
_RCIF                      (abs)        0065
_RCREG                     (abs)        001A
_RCSTA                     (abs)        0018
_SPBRG                     (abs)        0099
_TRISD                     (abs)        0088
_TXIF                      (abs)        0064
_TXREG                     (abs)        0019
_TXSTA                     (abs)        0098
_UART_Initialize           text4        0708
_UART_ReadData             text3        069F
_UART_WriteData            text2        0695
_UART_WriteString          text1        06AD
__Habs1                    abs1         0000
__Hbank0                   bank0        0000
__Hbank1                   bank1        0000
__Hbank2                   bank2        0000
__Hbank3                   bank3        0000
__Hcinit                   cinit        0800
__Hclrtext                 clrtext      0000
__Hcode                    code         0000
__Hcommon                  common       0000
__Hconfig                  config       2008
__HcstackBANK0             cstackBANK0  0000
__HcstackCOMMON            cstackCOMMON 0000
__Heeprom_data             eeprom_data  0000
__Hend_init                end_init     0003
__Hfunctab                 functab      0000
__Hidloc                   idloc        2004
__Hinit                    init         0000
__Hintentry                intentry     0000
__Hmaintext                maintext     0000
__Hpowerup                 powerup      0000
__Hram                     ram          0000
__Hreset_vec               reset_vec    0000
__Hsfr0                    sfr0         0000
__Hsfr1                    sfr1         0000
__Hsfr2                    sfr2         0000
__Hsfr3                    sfr3         0000
__Hspace_0                 (abs)        0800
__Hspace_1                 (abs)        007E
__Hspace_2                 (abs)        0000
__Hspace_3                 (abs)        0000
__Hspace_4                 (abs)        400F
__Hstack                   stack        0000
__Hstrings                 strings      0000
__Htext                    text         0000
__Labs1                    abs1         0000
__Lbank0                   bank0        0000
__Lbank1                   bank1        0000
__Lbank2                   bank2        0000
__Lbank3                   bank3        0000
__Lcinit                   cinit        07FC
__Lclrtext                 clrtext      0000
__Lcode                    code         0000
__Lcommon                  common       0000
__Lconfig                  config       0000
__LcstackBANK0             cstackBANK0  0000
__LcstackCOMMON            cstackCOMMON 0000
__Leeprom_data             eeprom_data  0000
__Lend_init                end_init     0000
__Lfunctab                 functab      0000
__Lidloc                   idloc        0000
__Linit                    init         0000
__Lintentry                intentry     0000
__Lmaintext                maintext     0000
__Lpowerup                 powerup      0000
__Lram                     ram          0000
__Lreset_vec               reset_vec    0000
__Lsfr0                    sfr0         0000
__Lsfr1                    sfr1         0000
__Lsfr2                    sfr2         0000
__Lsfr3                    sfr3         0000
__Lspace_0                 (abs)        0000
__Lspace_1                 (abs)        0000
__Lspace_2                 (abs)        0000
__Lspace_3                 (abs)        0000
__Lspace_4                 (abs)        0000
__Lstack                   stack        0000
__Lstrings                 strings      0000
__Ltext                    text         0000
__S0                       (abs)        0800
__S1                       (abs)        007E
__S3                       (abs)        0000
___aldiv                   text5        075F
___aldiv@counter           cstackBANK0  0020
___aldiv@dividend          cstackCOMMON 0074
___aldiv@divisor           cstackCOMMON 0070
___aldiv@quotient          cstackBANK0  0022
___aldiv@sign              cstackBANK0  0021
___int_sp                  stack        0000
___latbits                 (abs)        0002
___sp                      stack        0000
___stackhi                 (abs)        0000
___stacklo                 (abs)        0000
__end_of_UART_Initialize   text4        075F
__end_of_UART_ReadData     text3        06AD
__end_of_UART_WriteData    text2        069F
__end_of_UART_WriteString  text1        06CC
__end_of___aldiv           text5        07FC
__end_of__initialization   cinit        07FC
__end_of__stringtab        strings      0009
__end_of_main              maintext     0708
__initialization           cinit        07FC
__pcstackBANK0             cstackBANK0  0020
__pcstackCOMMON            cstackCOMMON 0070
__pmaintext                maintext     06CC
__pstrings                 strings      0003
__ptext1                   text1        06AD
__ptext2                   text2        0695
__ptext3                   text3        069F
__ptext4                   text4        0708
__ptext5                   text5        075F
__stringbase               strings      0008
__stringtab                strings      0003
_main                      maintext     06CC
btemp                      (abs)        007E
end_of_initialization      cinit        07FC
intlevel0                  functab      0000
intlevel1                  functab      0000
intlevel2                  functab      0000
intlevel3                  functab      0000
intlevel4                  functab      0000
intlevel5                  functab      0000
main@data                  cstackCOMMON 007D
reset_vec                  reset_vec    0000
start                      init         0000
start_initialization       cinit        07FC
wtemp0                     (abs)        007E


MODULE INFORMATION

Module		Function		Class		Link	Load	Size
C:\Program Files\Microchip\xc8\v2.40\pic\sources\c90\common\aldiv.c
		___aldiv       		CODE           	075F	0000	157

C:\Program Files\Microchip\xc8\v2.40\pic\sources\c90\common\aldiv.c estimated size: 157

Main_RX_1.c
		_UART_WriteData		CODE           	0695	0000	10
		_UART_ReadData 		CODE           	069F	0000	14
		_main          		CODE           	06CC	0000	60
		_UART_Initialize		CODE           	0708	0000	87
		_UART_WriteString		CODE           	06AD	0000	31

Main_RX_1.c estimated size: 202

shared
		__stringtab    		STRING         	0003	0000	6
		__initialization		CODE           	07FC	0000	1

shared estimated size: 7

